$VAR1 = 1;
$VAR1 = 1;
$VAR1 = 1;

SambaConfig: [global]
SambaConfig: _modified = 1
SambaConfig: idmap config * : backend = tdb
SambaConfig: idmap config * : range = 10000-20000

Nsswitch::WriteDB(passwd, [files,nis])
Nsswitch::WriteDB(group, [files,ldap,nis])
Nsswitch::WriteDB(passwd, [files,winbind,nis])
Nsswitch::WriteDB(group, [files,ldap,nis,winbind])
PamSettings::SetValues(pam_unix2, auth, 'md5 nullok call_modules=files,nis')
PamSettings::SetValues(pam_unix2, account, 'md5 nullok call_modules=files,ldap,nis')
PamSettings::SetValues(pam_unix2, auth, 'md5 nullok call_modules=files,winbind,nis')
PamSettings::SetValues(pam_unix2, account, 'md5 nullok call_modules=files,ldap,nis,winbind')
PamSettings::SetValues(pam_unix2, auth, 'md5 nullok')
PamSettings::SetValues(pam_unix2, account, '')
PamSettings::SetValues(pam_unix2, auth, 'md5 nullok call_modules=winbind')
PamSettings::SetValues(pam_unix2, account, 'call_modules=winbind')
PamSettings::SetValues(pam_unix2, auth, 'call_modules=winbind')
PamSettings::SetValues(pam_unix2, account, 'call_modules=winbind')
$VAR1 = 1;
$VAR1 = 1;
Service::Adjust(winbind, enable)
$VAR1 = 1;
Service::Adjust(winbind, disable)
$VAR1 = 1;
$VAR1 = 1;
$VAR1 = 1;
Service::Start(winbind)
$VAR1 = 1;
Service::Start(winbind)
$VAR1 = 1;
Service::Restart(winbind)
$VAR1 = 1;
Service::Restart(winbind)
$VAR1 = 1;
Service::Stop(winbind)
$VAR1 = 1;
Service::Stop(winbind)
$VAR1 = 1;
$VAR1 = 1;
