Dump	$["_internal":$["abc":"ABC"], "a":$["Bee Bee":"x", "_comment":"A", "_disabled":true, "_modified":true, "_xxx":8], "b":$["Two Two":22, "no":nil], "removed":nil]
Return	nil
Return	[$["comment":"A", "disabled":true, "name":"a", "parameters":$["bee_bee":"x"]], $["name":"b", "parameters":$["two_two":"22"]]]
